Microchip MPLAB XC8 Compiler V2.45

Linker command line:

-W-3 --edf=/opt/microchip/xc8/v2.45/pic/dat/20230818022343_en.msgs -cn \
  -h+dist/default/debug/pokus.X.debug.sym \
  --cmf=dist/default/debug/pokus.X.debug.cmf -z -Q18F87J11 \
  -o/tmp/xcXabMDeD/driver_tmp_3.o --defsym=__MPLAB_BUILD=1 \
  --fixupoverflow=error -Mdist/default/debug/pokus.X.debug.map \
  --md=/tmp/xcXabMDeD/driver_tmp_0.dat -E1 -ver=XC8 Compiler --acfsm=1493 \
  -ACODE=00h-01FFF7h -ACONST=00h-01FFF7h \
  -ASMALLCONST=01000h-010FFhx495,01FF00h-01FFF7h \
  -AMEDIUMCONST=01000h-0FFFFh,011000h-01FFF7h -ACOMRAM=01h-05Fh \
  -AABS1=00h-0F3Fh -ABIGRAM=01h-0F3Fh \
  -ARAM=060h-0FFh,0100h-01FFhx14,0F00h-0F3Fh -ABANK0=060h-0FFh \
  -ABANK1=0100h-01FFh -ABANK2=0200h-02FFh -ABANK3=0300h-03FFh \
  -ABANK4=0400h-04FFh -ABANK5=0500h-05FFh -ABANK6=0600h-06FFh \
  -ABANK7=0700h-07FFh -ABANK8=0800h-08FFh -ABANK9=0900h-09FFh \
  -ABANK10=0A00h-0AFFh -ABANK11=0B00h-0BFFh -ABANK12=0C00h-0CFFh \
  -ABANK13=0D00h-0DFFh -ABANK14=0E00h-0EFFh -ABANK15=0F00h-0F3Fh \
  -ASFR=0F5Ah-0F5Fh,0F60h-0FFFh -ABIGSFR=0F5Ah-0FFFh \
  -ACONFIG=01FFF8h-01FFFDh \
  -preset_vec=00h,intcode=08h,intcodelo=018h,powerup,init -pramtop=01000h \
  -psmallconst=SMALLCONST -pmediumconst=MEDIUMCONST -pconst=CONST \
  -AFARRAM=00h-00h -pjflash_buffer=01F800h \
  -prdata=COMRAM,nvrram=COMRAM,nvbit=COMRAM,rbss=COMRAM,rbit=COMRAM \
  -pfarbss=FARRAM,fardata=FARRAM,nvFARRAM=FARRAM \
  -pintsave_regs=BIGRAM,bigbss=BIGRAM,bigdata=BIGRAM -pbss=RAM \
  -pidata=CODE,irdata=CODE,ibigdata=CODE,ifardata=CODE -prparam=COMRAM \
  /tmp/xcXabMDeD/driver_tmp_9.o dist/default/debug/pokus.X.debug.o 

Object code version is 3.11

Machine type is 18F87J11



                Name                               Link     Load   Length Selector   Space Scale
/tmp/xcXabMDeD/driver_tmp_9.o
                config                            1FFF8    1FFF8        6        0       4
                init                                 52       52        4        C       0
                reset_vec                             0        0        4        0       0
dist/default/debug/pokus.X.debug.o
                intcodelo                            18       18       3A        C       0
                intcode                               8        8        6        4       0
                config                            1FFF8    1FFF8        6        0       4
                temp                                 15       15        1        1       1
                smallconst                         1000     1000        2      800       0
                intcode_body                       1324     1324        4      801       0
                text3                              118A     118A      104      801       0
                text2                              1002     1002      188      801       0
                text1                              131A     131A        A      801       0
                text0                              128E     128E       76      801       0
                cstackCOMRAM                          C        C        9        1       1
                bssCOMRAM                             1        1        B        1       1
                cinit                              1304     1304       16      801       0

TOTAL           Name                               Link     Load   Length     Space
        CLASS   CODE           
                intcodelo                            18       18       3A         0
                intcode                               8        8        6         0
                init                                 52       52        4         0
                reset_vec                             0        0        4         0
                intcode_body                       1324     1324        4         0
                text3                              118A     118A      104         0
                text2                              1002     1002      188         0
                text1                              131A     131A        A         0
                text0                              128E     128E       76         0
                cinit                              1304     1304       16         0

        CLASS   CONST          

        CLASS   SMALLCONST     
                smallconst                         1000     1000        2         0

        CLASS   MEDIUMCONST    

        CLASS   COMRAM         
                temp                                 15       15        1         1
                cstackCOMRAM                          C        C        9         1
                bssCOMRAM                             1        1        B         1

        CLASS   ABS1           

        CLASS   BIGRAM         

        CLASS   RAM            

        CLASS   BANK0          

        CLASS   BANK1          

        CLASS   BANK2          

        CLASS   BANK3          

        CLASS   BANK4          

        CLASS   BANK5          

        CLASS   BANK6          

        CLASS   BANK7          

        CLASS   BANK8          

        CLASS   BANK9          

        CLASS   BANK10         

        CLASS   BANK11         

        CLASS   BANK12         

        CLASS   BANK13         

        CLASS   BANK14         

        CLASS   BANK15         

        CLASS   SFR            

        CLASS   BIGSFR         

        CLASS   CONFIG         
                config                            1FFF8    1FFF8        6         4

        CLASS   FARRAM         

        CLASS   HEAP           

        CLASS   STACK          

        CLASS   IDLOC          



SEGMENTS        Name                           Load    Length   Top    Selector   Space  Class

                bssCOMRAM                      000001  000015  000016         1       1  COMRAM  
                reset_vec                      000000  000004  000004         0       0  CODE    
                text2                          001002  000326  001328       801       0  CODE    
                intcode                        000008  000006  00000E         4       0  CODE    
                intcodelo                      000018  00003E  000056         C       0  CODE    
                smallconst                     001000  000002  001002       800       0  SMALLCON


UNUSED ADDRESS RANGES

        Name                Unused          Largest block    Delta
        BANK0            00060-000FF              A0
        BANK1            00100-001FF             100
        BANK10           00A00-00AFF             100
        BANK11           00B00-00BFF             100
        BANK12           00C00-00CFF             100
        BANK13           00D00-00DFF             100
        BANK14           00E00-00EFF             100
        BANK15           00F00-00F3F              40
        BANK2            00200-002FF             100
        BANK3            00300-003FF             100
        BANK4            00400-004FF             100
        BANK5            00500-005FF             100
        BANK6            00600-006FF             100
        BANK7            00700-007FF             100
        BANK8            00800-008FF             100
        BANK9            00900-009FF             100
        BIGRAM           00016-00F3F             F2A
        BIGSFR           00F5A-00FFF              A6
        CODE             00004-00007               4
                         0000E-00017               A
                         00056-00FFF             FAA
                         01328-1FFF7           1ECD0
        COMRAM           00016-0005F              4A
        CONST            00004-00007               4
                         0000E-00017               A
                         00056-00FFF             FAA
                         01328-1FFF7           1ECD0
        MEDIUMCONST      01328-0FFFF            ECD8
                         11000-1FFF7            EFF8
        RAM              00060-00F3F             100
        SFR              00F5A-00FFF               6
        SMALLCONST       01328-1FFF7             100

                                  Symbol Table

_INTCON2                        (abs)         00FF1
_INTCONbits                     (abs)         00FF2
_OSCCONbits                     (abs)         00FD3
_OSCTUNEbits                    (abs)         00F9B
_PORTJbits                      (abs)         00F88
_RCONbits                       (abs)         00FD0
_T0CON                          (abs)         00FD5
_T0CONbits                      (abs)         00FD5
_TMR0H                          (abs)         00FD7
_TMR0L                          (abs)         00FD6
__HRAM                          (abs)         00000
__H__absolute__                 __absolute__  00000
__Habs1                         abs1          00000
__Hbank0                        bank0         00000
__Hbank1                        bank1         00000
__Hbank10                       bank10        00000
__Hbank11                       bank11        00000
__Hbank12                       bank12        00000
__Hbank13                       bank13        00000
__Hbank14                       bank14        00000
__Hbank15                       bank15        00000
__Hbank2                        bank2         00000
__Hbank3                        bank3         00000
__Hbank4                        bank4         00000
__Hbank5                        bank5         00000
__Hbank6                        bank6         00000
__Hbank7                        bank7         00000
__Hbank8                        bank8         00000
__Hbank9                        bank9         00000
__Hbigbss                       bigbss        00000
__Hbigdata                      bigdata       00000
__Hbigram                       bigram        00000
__Hbigsfr                       bigsfr        00000
__Hbss                          bss           00000
__HbssCOMRAM                    bssCOMRAM     00000
__Hcinit                        cinit         00000
__Hclrtext                      clrtext       00000
__Hcomram                       comram        00000
__Hconfig                       config        1FFFE
__Hconst                        const         00000
__HcstackCOMRAM                 cstackCOMRAM  00000
__Hdata                         data          00000
__Hfarbss                       farbss        00000
__Hfardata                      fardata       00000
__Hheap                         heap          00000
__Hibigdata                     ibigdata      00000
__Hidata                        idata         00000
__Hidloc                        idloc         00000
__Hifardata                     ifardata      00000
__Hinit                         init          00056
__Hintcode                      intcode       0000E
__Hintcode_body                 intcode_body  00000
__Hintcodelo                    intcodelo     00052
__Hintentry                     intentry      00000
__Hintret                       intret        00000
__Hintsave_regs                 intsave_regs  00000
__Hirdata                       irdata        00000
__Hjflash_buffer                jflash_buffer 1F800
__Hmediumconst                  mediumconst   00000
__HnvFARRAM                     nvFARRAM      00000
__Hnvbit                        nvbit         00000
__Hnvrram                       nvrram        00000
__Hparam                        rparam        00000
__Hpowerup                      powerup       00052
__Hram                          ram           00000
__Hramtop                       ramtop        01000
__Hrbit                         rbit          00000
__Hrbss                         rbss          00000
__Hrdata                        rdata         00000
__Hreset_vec                    reset_vec     00004
__Hrparam                       rparam        00000
__Hsfr                          sfr           00000
__Hsmallconst                   smallconst    01002
__Hspace_0                      (abs)         1F800
__Hspace_1                      (abs)         00016
__Hspace_2                      (abs)         00000
__Hspace_4                      (abs)         3FFF6
__Hstack                        stack         00000
__Hstruct                       struct        00000
__Htemp                         temp          00016
__Htext                         text          00000
__Htext0                        text0         00000
__Htext1                        text1         00000
__Htext2                        text2         00000
__Htext3                        text3         00000
__LRAM                          (abs)         00001
__L__absolute__                 __absolute__  00000
__Labs1                         abs1          00000
__Lbank0                        bank0         00000
__Lbank1                        bank1         00000
__Lbank10                       bank10        00000
__Lbank11                       bank11        00000
__Lbank12                       bank12        00000
__Lbank13                       bank13        00000
__Lbank14                       bank14        00000
__Lbank15                       bank15        00000
__Lbank2                        bank2         00000
__Lbank3                        bank3         00000
__Lbank4                        bank4         00000
__Lbank5                        bank5         00000
__Lbank6                        bank6         00000
__Lbank7                        bank7         00000
__Lbank8                        bank8         00000
__Lbank9                        bank9         00000
__Lbigbss                       bigbss        00000
__Lbigdata                      bigdata       00000
__Lbigram                       bigram        00000
__Lbigsfr                       bigsfr        00000
__Lbss                          bss           00000
__LbssCOMRAM                    bssCOMRAM     00000
__Lcinit                        cinit         00000
__Lclrtext                      clrtext       00000
__Lcomram                       comram        00000
__Lconfig                       config        00000
__Lconst                        const         00000
__LcstackCOMRAM                 cstackCOMRAM  00000
__Ldata                         data          00000
__Lfarbss                       farbss        00000
__Lfardata                      fardata       00000
__Lheap                         heap          00000
__Libigdata                     ibigdata      00000
__Lidata                        idata         00000
__Lidloc                        idloc         00000
__Lifardata                     ifardata      00000
__Linit                         init          00052
__Lintcode                      intcode       00008
__Lintcode_body                 intcode_body  00000
__Lintcodelo                    intcodelo     00018
__Lintentry                     intentry      00000
__Lintret                       intret        00000
__Lintsave_regs                 intsave_regs  00000
__Lirdata                       irdata        00000
__Ljflash_buffer                jflash_buffer 1F800
__Lmediumconst                  mediumconst   00000
__LnvFARRAM                     nvFARRAM      00000
__Lnvbit                        nvbit         00000
__Lnvrram                       nvrram        00000
__Lparam                        rparam        00000
__Lpowerup                      powerup       00052
__Lram                          ram           00000
__Lramtop                       ramtop        01000
__Lrbit                         rbit          00000
__Lrbss                         rbss          00000
__Lrdata                        rdata         00000
__Lreset_vec                    reset_vec     00000
__Lrparam                       rparam        00000
__Lsfr                          sfr           00000
__Lsmallconst                   smallconst    01000
__Lspace_0                      (abs)         00000
__Lspace_1                      (abs)         00000
__Lspace_2                      (abs)         00000
__Lspace_4                      (abs)         00000
__Lstack                        stack         00000
__Lstruct                       struct        00000
__Ltemp                         temp          00015
__Ltext                         text          00000
__Ltext0                        text0         00000
__Ltext1                        text1         00000
__Ltext2                        text2         00000
__Ltext3                        text3         00000
__S0                            (abs)         01328
__S1                            (abs)         00016
__S4                            (abs)         00000
___extmem_base                  (abs)         20000
___heap_hi                      (abs)         00000
___heap_lo                      (abs)         00000
___inthi_sp                     stack         00000
___inthi_stack_hi               stack         00000
___inthi_stack_lo               stack         00000
___intlo_sp                     stack         00000
___intlo_stack_hi               stack         00000
___intlo_stack_lo               stack         00000
___param_bank                   (abs)         00000
___rparam_used                  (abs)         00001
___sp                           stack         00000
___stack_hi                     stack         00000
___stack_lo                     stack         00000
__accesstop                     (abs)         00060
__activetblptr                  (abs)         00003
__end_of__initialization        cinit         01310
__end_of_aretace                text3         0128E
__end_of_filtr                  text2         0118A
__end_of_high_isr               intcode_body  01328
__end_of_low_isr                intcodelo     00052
__end_of_main                   text0         01304
__end_of_preambleInitialization text1         01324
__initialization                cinit         01304
__mediumconst                   mediumconst   00000
__pbssCOMRAM                    bssCOMRAM     00001
__pcinit                        cinit         01304
__pcstackCOMRAM                 cstackCOMRAM  0000C
__pintcode                      intcode       00008
__pintcode_body                 intcode_body  01324
__pintcodelo                    intcodelo     00018
__psmallconst                   smallconst    01000
__ptext0                        text0         0128E
__ptext1                        text1         0131A
__ptext2                        text2         01002
__ptext3                        text3         0118A
__ramtop                        ramtop        01000
__smallconst                    smallconst    01000
_aretace                        text3         0118A
_casove_preruseni               bssCOMRAM     00001
_filtr                          text2         01002
_filtrovane_tlacitko_S4         bssCOMRAM     00008
_high_isr                       intcode       00008
_low_isr                        intcodelo     00018
_main                           text0         0128E
_preambleInitialization         text1         0131A
_stav_aretace                   bssCOMRAM     00004
_stav_tlacitka                  bssCOMRAM     00006
_vstup                          bssCOMRAM     0000A
_zaaretovane_tlacitko           bssCOMRAM     00002
aretace@stav                    cstackCOMRAM  00010
aretace@vstup                   cstackCOMRAM  0000F
aretace@vystup                  cstackCOMRAM  00011
btemp                           temp          00015
end_of_initialization           cinit         01310
filtr@stav                      cstackCOMRAM  00010
filtr@vstup                     cstackCOMRAM  0000F
filtr@vystup                    cstackCOMRAM  00011
int$flags                       temp          00015
int_func                        intcode_body  01324
intlevel0                       text          00000
intlevel1                       text          00000
intlevel2                       text          00000
intlevel3                       text          00000
isa$std                         (abs)         00001
isa$xinst                       (abs)         00000
stackhi                         (abs)         00000
stacklo                         (abs)         00000
start                           init          00052
start_initialization            cinit         01304
ttemp5                          temp          00016
ttemp6                          temp          00019
ttemp7                          temp          0001D
wtemp8                          temp          00016


MODULE INFORMATION

Module		Function		Class		Link	Load	Size
source/aretace.c
		_aretace       		CODE           	118A	0000	260

source/aretace.c estimated size: 260

source/main.c
		_main          		CODE           	128E	0000	118
		_high_isr      		CODE           	0008	0000	10
		_low_isr       		CODE           	0018	0000	58

source/main.c estimated size: 186

source/preambleInitialization.c
		_preambleInitialization		CODE           	131A	0000	10

source/preambleInitialization.c estimated size: 10

source/filtr.c
		_filtr         		CODE           	1002	0000	392

source/filtr.c estimated size: 392

shared
		__initialization		CODE           	1304	0000	12

shared estimated size: 12

